// Jest Snapshot v1, https://goo.gl/fbAQLP

exports[`Titlebar Render Titlebar with default options 1`] = `
<WithStyles(ForwardRef(Toolbar))
  className="makeStyles-root-1"
>
  <WithStyles(ForwardRef(Grid))
    className="makeStyles-container-7"
    container={true}
  >
    <WithStyles(ForwardRef(Grid))
      className="makeStyles-title-5"
      item={true}
    >
      <WithStyles(ForwardRef(Typography))
        id="tableTitle"
        variant="h6"
      />
    </WithStyles(ForwardRef(Grid))>
    <WithStyles(ForwardRef(Grid))
      className="makeStyles-actions-4"
      item={true}
    />
  </WithStyles(ForwardRef(Grid))>
</WithStyles(ForwardRef(Toolbar))>
`;
