// Jest Snapshot v1, https://goo.gl/fbAQLP

exports[`Range Render Range with default options 1`] = `
<div
  className="makeStyles-textField-1"
>
  <WithStyles(ForwardRef(Slider))
    defaultValue={0}
    marks={
      Array [
        Object {
          "label": undefined,
          "value": undefined,
        },
        Object {
          "label": undefined,
          "value": undefined,
        },
      ]
    }
    onChange={[Function]}
    valueLabelDisplay="auto"
  />
</div>
`;
