// Jest Snapshot v1, https://goo.gl/fbAQLP

exports[`TableHead Render TableHead with default options 1`] = `
<EnhancedTableHead
  classes={
    Object {
      "head": "EnhancedTableHead-head-1",
      "tableCell": "EnhancedTableHead-tableCell-2",
    }
  }
  columns={Array []}
  numSelected={0}
  order="desc"
  orderBy="id"
  rowCount={0}
  selectable={false}
/>
`;
