// Jest Snapshot v1, https://goo.gl/fbAQLP

exports[`Number Render Number with default options 1`] = `
<WithStyles(ForwardRef(TextField))
  InputLabelProps={
    Object {
      "shrink": false,
    }
  }
  InputProps={
    Object {
      "disabled": undefined,
      "endAdornment": null,
      "inputProps": Object {
        "max": undefined,
        "maxLength": undefined,
        "min": undefined,
        "minLength": undefined,
        "pattern": undefined,
        "step": undefined,
        "title": undefined,
      },
      "readOnly": undefined,
      "startAdornment": null,
    }
  }
  className="makeStyles-textField-1"
  defaultValue=""
  disabled={false}
  margin="normal"
  onBlur={[Function]}
  onChange={[Function]}
  required={false}
/>
`;
